=== DRY RUN cycle 1 | 2026-07-03 00:51 ET | market CLOSED (7/4 holiday) — stale Thu close data, NO orders ===
[2026-07-03T00:52:00.260341] [SYSTEM] Initializing Robinhood Options Engine...
[SYSTEM] Account: ••••3232 | Instrument: SPY Options
[SYSTEM] LIVE payload loaded from payload.json

=== Live Options Strategy Audit ===
• Spot Price: $744.07 | VWAP: $744.79
• Net GEX Status: Positive (894372.96)
• Market Internals: VOLD=1 | ADD=373

[💤 SAFE REGIME] Flow parameters neutral. No options orders drafted.
--- cycle 1 data snapshot (payload.json) ---
{
  "spot": 744.07,
  "vwap": 744.79,
  "ema_5": 743.93,
  "ema_13": 743.17,
  "ema_21": 742.9,
  "net_gex": 894372.96,
  "vold": 1,
  "add": 373,
  "option_bid": 2.55,
  "option_ask": 2.58,
  "expiration": "2026-07-06"
}
